=== RUN   TestTransportComparison
    transport_bench_test.go:38: environment go=go1.27.0 os=darwin arch=arm64 CPUs=14 GOMAXPROCS=14
=== RUN   TestTransportComparison/durable=false/c=1/rep=1/native
2026/09/08 09:22:56 INFO migrations applied
    transport_bench_test.go:230: RESULT {"allocated_bytes_per_row":2065.429636767318,"concurrency":1,"cpu_cores_client_and_server":1.668108766224098,"durable":false,"errors":0,"mode":"native","p50_ms":0.8185,"p95_ms":2.228833,"p99_ms":2.348875,"rows":9008000,"rows_per_second":900673.042659051,"seconds":10.001409583}
=== RUN   TestTransportComparison/durable=false/c=1/rep=1/shared
2026/09/08 09:23:06 INFO migrations applied
    transport_bench_test.go:230: RESULT {"allocated_bytes_per_row":2235.167287165282,"concurrency":1,"cpu_cores_client_and_server":1.7853236068469907,"durable":false,"errors":0,"mode":"shared","p50_ms":0.942958,"p95_ms":2.266666,"p99_ms":2.417417,"rows":8664000,"rows_per_second":866387.191851588,"seconds":10.000147834}
=== RUN   TestTransportComparison/durable=false/c=1/rep=2/shared
2026/09/08 09:23:16 INFO migrations applied
    transport_bench_test.go:230: RESULT {"allocated_bytes_per_row":2244.0646240875913,"concurrency":1,"cpu_cores_client_and_server":1.785360650700898,"durable":false,"errors":0,"mode":"shared","p50_ms":0.93325,"p95_ms":2.236125,"p99_ms":2.372625,"rows":8768000,"rows_per_second":876795.1629841244,"seconds":10.000055167}
=== RUN   TestTransportComparison/durable=false/c=1/rep=2/native
2026/09/08 09:23:26 INFO migrations applied
    transport_bench_test.go:230: RESULT {"allocated_bytes_per_row":2066.4755709403594,"concurrency":1,"cpu_cores_client_and_server":1.6860995332039543,"durable":false,"errors":0,"mode":"native","p50_ms":0.815,"p95_ms":2.21025,"p99_ms":2.328125,"rows":9071000,"rows_per_second":906928.1635046254,"seconds":10.001894709}
=== RUN   TestTransportComparison/durable=false/c=1/rep=3/native
2026/09/08 09:23:36 INFO migrations applied
    transport_bench_test.go:230: RESULT {"allocated_bytes_per_row":2058.800469744509,"concurrency":1,"cpu_cores_client_and_server":1.692699146091521,"durable":false,"errors":0,"mode":"native","p50_ms":0.841209,"p95_ms":2.23975,"p99_ms":2.377375,"rows":8924000,"rows_per_second":892354.6869428807,"seconds":10.000507792}
=== RUN   TestTransportComparison/durable=false/c=1/rep=3/shared
2026/09/08 09:23:46 INFO migrations applied
    transport_bench_test.go:230: RESULT {"allocated_bytes_per_row":2231.728527462008,"concurrency":1,"cpu_cores_client_and_server":1.773189609549387,"durable":false,"errors":0,"mode":"shared","p50_ms":0.986333,"p95_ms":2.330292,"p99_ms":2.48125,"rows":8357000,"rows_per_second":835663.8575381615,"seconds":10.0004325}
=== RUN   TestTransportComparison/durable=false/c=16/rep=1/native
2026/09/08 09:23:56 INFO migrations applied
    transport_bench_test.go:230: RESULT {"allocated_bytes_per_row":1961.8700916580628,"concurrency":16,"cpu_cores_client_and_server":9.112946253819041,"durable":false,"errors":0,"mode":"native","p50_ms":2.9295,"p95_ms":6.656667,"p99_ms":10.422292,"rows":47459000,"rows_per_second":4744631.522762389,"seconds":10.0026735}
=== RUN   TestTransportComparison/durable=false/c=16/rep=1/shared
2026/09/08 09:24:06 INFO migrations applied
    transport_bench_test.go:230: RESULT {"allocated_bytes_per_row":1983.2758534517795,"concurrency":16,"cpu_cores_client_and_server":10.30437775355329,"durable":false,"errors":0,"mode":"shared","p50_ms":2.88375,"p95_ms":6.07375,"p99_ms":7.402625,"rows":51669000,"rows_per_second":5165202.800618604,"seconds":10.003285833}
=== RUN   TestTransportComparison/durable=false/c=16/rep=2/shared
2026/09/08 09:24:16 INFO migrations applied
    transport_bench_test.go:230: RESULT {"allocated_bytes_per_row":1981.7025076054413,"concurrency":16,"cpu_cores_client_and_server":9.900270964204253,"durable":false,"errors":0,"mode":"shared","p50_ms":2.990417,"p95_ms":6.380041,"p99_ms":7.895125,"rows":49767000,"rows_per_second":4975016.06054384,"seconds":10.003384792}
=== RUN   TestTransportComparison/durable=false/c=16/rep=2/native
2026/09/08 09:24:27 INFO migrations applied
    transport_bench_test.go:230: RESULT {"allocated_bytes_per_row":1954.849820058997,"concurrency":16,"cpu_cores_client_and_server":8.843126095230799,"durable":false,"errors":0,"mode":"native","p50_ms":3.130334,"p95_ms":7.114459,"p99_ms":9.972708,"rows":46104000,"rows_per_second":4609332.824217873,"seconds":10.00231525}
=== RUN   TestTransportComparison/durable=false/c=16/rep=3/native
2026/09/08 09:24:37 INFO migrations applied
    transport_bench_test.go:230: RESULT {"allocated_bytes_per_row":1961.0370257659515,"concurrency":16,"cpu_cores_client_and_server":10.23542983013505,"durable":false,"errors":0,"mode":"native","p50_ms":2.757583,"p95_ms":6.046208,"p99_ms":7.41125,"rows":53365000,"rows_per_second":5335229.726618022,"seconds":10.002380916}
=== RUN   TestTransportComparison/durable=false/c=16/rep=3/shared
2026/09/08 09:24:47 INFO migrations applied
    transport_bench_test.go:230: RESULT {"allocated_bytes_per_row":1981.4924883456838,"concurrency":16,"cpu_cores_client_and_server":10.292444172154767,"durable":false,"errors":0,"mode":"shared","p50_ms":2.8625,"p95_ms":6.068416,"p99_ms":7.409542,"rows":51955000,"rows_per_second":5194012.650847724,"seconds":10.002863584}
=== RUN   TestTransportComparison/durable=true/c=1/rep=1/native
2026/09/08 09:24:57 INFO migrations applied
    transport_bench_test.go:230: RESULT {"allocated_bytes_per_row":3932.1484444444445,"concurrency":1,"cpu_cores_client_and_server":0.1526923273839045,"durable":true,"errors":0,"mode":"native","p50_ms":38.967166,"p95_ms":45.813792,"p99_ms":49.388542,"rows":252000,"rows_per_second":25170.777251163567,"seconds":10.011609792}
=== RUN   TestTransportComparison/durable=true/c=1/rep=1/shared
2026/09/08 09:25:07 INFO migrations applied
    transport_bench_test.go:230: RESULT {"allocated_bytes_per_row":3967.582976,"concurrency":1,"cpu_cores_client_and_server":0.16019880419809268,"durable":true,"errors":0,"mode":"shared","p50_ms":39.060458,"p95_ms":45.031083,"p99_ms":48.052708,"rows":250000,"rows_per_second":24952.665001599085,"seconds":10.018969917}
=== RUN   TestTransportComparison/durable=true/c=1/rep=2/shared
2026/09/08 09:25:18 INFO migrations applied
    transport_bench_test.go:230: RESULT {"allocated_bytes_per_row":3934.2855843137254,"concurrency":1,"cpu_cores_client_and_server":0.16431193790352888,"durable":true,"errors":0,"mode":"shared","p50_ms":38.887167,"p95_ms":44.072084,"p99_ms":47.978208,"rows":255000,"rows_per_second":25450.023364104516,"seconds":10.019637167}
=== RUN   TestTransportComparison/durable=true/c=1/rep=2/native
2026/09/08 09:25:28 INFO migrations applied
    transport_bench_test.go:230: RESULT {"allocated_bytes_per_row":3954.68196875,"concurrency":1,"cpu_cores_client_and_server":0.15213216881861105,"durable":true,"errors":0,"mode":"native","p50_ms":38.871625,"p95_ms":43.972292,"p99_ms":46.758167,"rows":256000,"rows_per_second":25572.04123321355,"seconds":10.010933334}
=== RUN   TestTransportComparison/durable=true/c=1/rep=3/native
2026/09/08 09:25:39 INFO migrations applied
    transport_bench_test.go:230: RESULT {"allocated_bytes_per_row":3962.5928971962617,"concurrency":1,"cpu_cores_client_and_server":0.10835271108696926,"durable":true,"errors":0,"mode":"native","p50_ms":43.871792,"p95_ms":62.9245,"p99_ms":69.515125,"rows":214000,"rows_per_second":21316.058162309007,"seconds":10.039379625}
=== RUN   TestTransportComparison/durable=true/c=1/rep=3/shared
2026/09/08 09:25:49 INFO migrations applied
    transport_bench_test.go:230: RESULT {"allocated_bytes_per_row":3965.29671875,"concurrency":1,"cpu_cores_client_and_server":0.15934341461007848,"durable":true,"errors":0,"mode":"shared","p50_ms":38.152041,"p95_ms":44.984292,"p99_ms":47.031625,"rows":256000,"rows_per_second":25585.791889941116,"seconds":10.005553125}
=== RUN   TestTransportComparison/durable=true/c=16/rep=1/native
2026/09/08 09:26:00 INFO migrations applied
    transport_bench_test.go:230: RESULT {"allocated_bytes_per_row":4384.688459183673,"concurrency":16,"cpu_cores_client_and_server":1.0979446755771467,"durable":true,"errors":0,"mode":"native","p50_ms":51.31025,"p95_ms":58.145042,"p99_ms":61.531208,"rows":3136000,"rows_per_second":312193.6858291852,"seconds":10.045046208}
=== RUN   TestTransportComparison/durable=true/c=16/rep=1/shared
2026/09/08 09:26:15 INFO migrations applied
    transport_bench_test.go:230: RESULT {"allocated_bytes_per_row":4435.00769402985,"concurrency":16,"cpu_cores_client_and_server":1.2326325489358088,"durable":true,"errors":0,"mode":"shared","p50_ms":49.280917,"p95_ms":56.741875,"p99_ms":58.569708,"rows":3216000,"rows_per_second":320595.9336104238,"seconds":10.03131875}
=== RUN   TestTransportComparison/durable=true/c=16/rep=2/shared
2026/09/08 09:26:29 INFO migrations applied
    transport_bench_test.go:230: RESULT {"allocated_bytes_per_row":4437.08422162324,"concurrency":16,"cpu_cores_client_and_server":1.2485428225271538,"durable":true,"errors":0,"mode":"shared","p50_ms":47.988375,"p95_ms":54.267709,"p99_ms":57.947375,"rows":3339000,"rows_per_second":332345.6347210742,"seconds":10.046769541}
=== RUN   TestTransportComparison/durable=true/c=16/rep=2/native
2026/09/08 09:26:44 INFO migrations applied
    transport_bench_test.go:230: RESULT {"allocated_bytes_per_row":4399.0799876237625,"concurrency":16,"cpu_cores_client_and_server":1.2168461407210889,"durable":true,"errors":0,"mode":"native","p50_ms":49.54425,"p95_ms":56.040916,"p99_ms":60.273375,"rows":3232000,"rows_per_second":323135.08351888845,"seconds":10.002008958}
=== RUN   TestTransportComparison/durable=true/c=16/rep=3/native
2026/09/08 09:26:59 INFO migrations applied
    transport_bench_test.go:230: RESULT {"allocated_bytes_per_row":4394.639358536585,"concurrency":16,"cpu_cores_client_and_server":1.2036325654104647,"durable":true,"errors":0,"mode":"native","p50_ms":48.741959,"p95_ms":56.026459,"p99_ms":59.231583,"rows":3280000,"rows_per_second":326997.2370743304,"seconds":10.030665792}
=== RUN   TestTransportComparison/durable=true/c=16/rep=3/shared
2026/09/08 09:27:14 INFO migrations applied
    transport_bench_test.go:230: RESULT {"allocated_bytes_per_row":4453.083403381643,"concurrency":16,"cpu_cores_client_and_server":1.2782997399849019,"durable":true,"errors":0,"mode":"shared","p50_ms":47.938416,"p95_ms":54.979458,"p99_ms":58.008667,"rows":3312000,"rows_per_second":330111.723454227,"seconds":10.032966916}
--- PASS: TestTransportComparison (272.63s)
    --- PASS: TestTransportComparison/durable=false/c=1/rep=1/native (10.02s)
    --- PASS: TestTransportComparison/durable=false/c=1/rep=1/shared (10.01s)
    --- PASS: TestTransportComparison/durable=false/c=1/rep=2/shared (10.01s)
    --- PASS: TestTransportComparison/durable=false/c=1/rep=2/native (10.01s)
    --- PASS: TestTransportComparison/durable=false/c=1/rep=3/native (10.01s)
    --- PASS: TestTransportComparison/durable=false/c=1/rep=3/shared (10.01s)
    --- PASS: TestTransportComparison/durable=false/c=16/rep=1/native (10.08s)
    --- PASS: TestTransportComparison/durable=false/c=16/rep=1/shared (10.08s)
    --- PASS: TestTransportComparison/durable=false/c=16/rep=2/shared (10.07s)
    --- PASS: TestTransportComparison/durable=false/c=16/rep=2/native (10.07s)
    --- PASS: TestTransportComparison/durable=false/c=16/rep=3/native (10.07s)
    --- PASS: TestTransportComparison/durable=false/c=16/rep=3/shared (10.07s)
    --- PASS: TestTransportComparison/durable=true/c=1/rep=1/native (10.50s)
    --- PASS: TestTransportComparison/durable=true/c=1/rep=1/shared (10.51s)
    --- PASS: TestTransportComparison/durable=true/c=1/rep=2/shared (10.50s)
    --- PASS: TestTransportComparison/durable=true/c=1/rep=2/native (10.51s)
    --- PASS: TestTransportComparison/durable=true/c=1/rep=3/native (10.57s)
    --- PASS: TestTransportComparison/durable=true/c=1/rep=3/shared (10.53s)
    --- PASS: TestTransportComparison/durable=true/c=16/rep=1/native (14.75s)
    --- PASS: TestTransportComparison/durable=true/c=16/rep=1/shared (14.69s)
    --- PASS: TestTransportComparison/durable=true/c=16/rep=2/shared (15.12s)
    --- PASS: TestTransportComparison/durable=true/c=16/rep=2/native (14.69s)
    --- PASS: TestTransportComparison/durable=true/c=16/rep=3/native (15.02s)
    --- PASS: TestTransportComparison/durable=true/c=16/rep=3/shared (14.72s)
PASS
ok  	github.com/labstack/fanout/internal/ingest	273.072s
