=== RUN   TestTransportComparison
    transport_bench_test.go:36: environment go=go1.27.0 os=darwin arch=arm64 CPUs=14 GOMAXPROCS=14
=== RUN   TestTransportComparison/durable=true/c=1/rep=1/native
2026/09/08 09:42:42 INFO migrations applied
    transport_bench_test.go:213: RESULT {"allocated_bytes_per_row":3945.206243902439,"concurrency":1,"cpu_cores_client_and_server":0.146333894075857,"durable":true,"errors":0,"mode":"native","p50_ms":39.925292,"p95_ms":47.1955,"p99_ms":49.865125,"rows":246000,"rows_per_second":24526.31976662056,"seconds":10.030041292}
=== RUN   TestTransportComparison/durable=true/c=1/rep=1/shared
2026/09/08 09:42:53 INFO migrations applied
    transport_bench_test.go:213: RESULT {"allocated_bytes_per_row":3930.7976356275303,"concurrency":1,"cpu_cores_client_and_server":0.14484815287822964,"durable":true,"errors":0,"mode":"shared","p50_ms":40.84975,"p95_ms":46.052958,"p99_ms":48.194958,"rows":247000,"rows_per_second":24618.919334652703,"seconds":10.032934291}
=== RUN   TestTransportComparison/durable=true/c=1/rep=2/shared
2026/09/08 09:43:03 INFO migrations applied
    transport_bench_test.go:213: RESULT {"allocated_bytes_per_row":3854.1562071713147,"concurrency":1,"cpu_cores_client_and_server":0.15097412191439982,"durable":true,"errors":0,"mode":"shared","p50_ms":39.2065,"p95_ms":44.976666,"p99_ms":48.267792,"rows":251000,"rows_per_second":25028.205131931874,"seconds":10.028685584}
=== RUN   TestTransportComparison/durable=true/c=1/rep=2/native
2026/09/08 09:43:14 INFO migrations applied
    transport_bench_test.go:213: RESULT {"allocated_bytes_per_row":3897.151394957983,"concurrency":1,"cpu_cores_client_and_server":0.14661725025933367,"durable":true,"errors":0,"mode":"native","p50_ms":42.032416,"p95_ms":48.907666,"p99_ms":51.136625,"rows":238000,"rows_per_second":23734.89863359627,"seconds":10.027428542}
=== RUN   TestTransportComparison/durable=true/c=1/rep=3/native
2026/09/08 09:43:24 INFO migrations applied
    transport_bench_test.go:213: RESULT {"allocated_bytes_per_row":3882.825702811245,"concurrency":1,"cpu_cores_client_and_server":0.1426491135595872,"durable":true,"errors":0,"mode":"native","p50_ms":39.078625,"p95_ms":48.826792,"p99_ms":50.178542,"rows":249000,"rows_per_second":24840.100170104146,"seconds":10.024114166}
=== RUN   TestTransportComparison/durable=true/c=1/rep=3/shared
2026/09/08 09:43:35 INFO migrations applied
    transport_bench_test.go:213: RESULT {"allocated_bytes_per_row":3860.12705511811,"concurrency":1,"cpu_cores_client_and_server":0.1874227890608438,"durable":true,"errors":0,"mode":"shared","p50_ms":38.953792,"p95_ms":43.977375,"p99_ms":47.464416,"rows":254000,"rows_per_second":25359.20412085933,"seconds":10.016087208}
=== RUN   TestTransportComparison/durable=true/c=16/rep=1/native
2026/09/08 09:43:45 INFO migrations applied
    transport_bench_test.go:213: RESULT {"allocated_bytes_per_row":4408.656080882353,"concurrency":16,"cpu_cores_client_and_server":1.2766668814177105,"durable":true,"errors":0,"mode":"native","p50_ms":48.944,"p95_ms":55.227084,"p99_ms":59.405833,"rows":3264000,"rows_per_second":325895.7333843411,"seconds":10.01547325}
=== RUN   TestTransportComparison/durable=true/c=16/rep=1/shared
2026/09/08 09:44:00 INFO migrations applied
    transport_bench_test.go:213: RESULT {"allocated_bytes_per_row":4449.913323529412,"concurrency":16,"cpu_cores_client_and_server":1.3294230659456743,"durable":true,"errors":0,"mode":"shared","p50_ms":49.078709,"p95_ms":54.261042,"p99_ms":57.480583,"rows":3264000,"rows_per_second":326299.92381336645,"seconds":10.003067}
=== RUN   TestTransportComparison/durable=true/c=16/rep=2/shared
2026/09/08 09:44:15 INFO migrations applied
    transport_bench_test.go:213: RESULT {"allocated_bytes_per_row":4439.541574257426,"concurrency":16,"cpu_cores_client_and_server":1.3270159228705851,"durable":true,"errors":0,"mode":"shared","p50_ms":49.207083,"p95_ms":56.226542,"p99_ms":59.5035,"rows":3232000,"rows_per_second":322148.3627771322,"seconds":10.0326445}
=== RUN   TestTransportComparison/durable=true/c=16/rep=2/native
2026/09/08 09:44:29 INFO migrations applied
    transport_bench_test.go:213: RESULT {"allocated_bytes_per_row":4385.397882681565,"concurrency":16,"cpu_cores_client_and_server":1.006868867588621,"durable":true,"errors":0,"mode":"native","p50_ms":48.135958,"p95_ms":102.589958,"p99_ms":147.188333,"rows":2864000,"rows_per_second":286068.59668245824,"seconds":10.01158475}
=== RUN   TestTransportComparison/durable=true/c=16/rep=3/native
2026/09/08 09:44:44 INFO migrations applied
    transport_bench_test.go:213: RESULT {"allocated_bytes_per_row":4411.760161057692,"concurrency":16,"cpu_cores_client_and_server":1.1766323221883561,"durable":true,"errors":0,"mode":"native","p50_ms":47.915458,"p95_ms":55.384167,"p99_ms":59.140833,"rows":3328000,"rows_per_second":332615.7807498317,"seconds":10.0055385}
=== RUN   TestTransportComparison/durable=true/c=16/rep=3/shared
2026/09/08 09:44:59 INFO migrations applied
    transport_bench_test.go:213: RESULT {"allocated_bytes_per_row":4442.297849282297,"concurrency":16,"cpu_cores_client_and_server":1.2361489518626845,"durable":true,"errors":0,"mode":"shared","p50_ms":47.525083,"p95_ms":54.529584,"p99_ms":58.530417,"rows":3344000,"rows_per_second":332983.25474749616,"seconds":10.042547042}
--- PASS: TestTransportComparison (152.17s)
    --- PASS: TestTransportComparison/durable=true/c=1/rep=1/native (10.56s)
    --- PASS: TestTransportComparison/durable=true/c=1/rep=1/shared (10.51s)
    --- PASS: TestTransportComparison/durable=true/c=1/rep=2/shared (10.54s)
    --- PASS: TestTransportComparison/durable=true/c=1/rep=2/native (10.51s)
    --- PASS: TestTransportComparison/durable=true/c=1/rep=3/native (10.54s)
    --- PASS: TestTransportComparison/durable=true/c=1/rep=3/shared (10.50s)
    --- PASS: TestTransportComparison/durable=true/c=16/rep=1/native (14.72s)
    --- PASS: TestTransportComparison/durable=true/c=16/rep=1/shared (14.68s)
    --- PASS: TestTransportComparison/durable=true/c=16/rep=2/shared (14.72s)
    --- PASS: TestTransportComparison/durable=true/c=16/rep=2/native (14.62s)
    --- PASS: TestTransportComparison/durable=true/c=16/rep=3/native (15.38s)
    --- PASS: TestTransportComparison/durable=true/c=16/rep=3/shared (14.91s)
PASS
ok  	github.com/labstack/fanout/internal/ingest	152.730s
